// Jest Snapshot v1, https://goo.gl/fbAQLP

exports[`Algorithm code generator matches snapshots should match insertion-sort snapshot 1`] = `"{\\"functions\\":[\\"function insertionSort(tracer: Tracer, list: number[]) {\\\\n    let position = null;\\\\n    let pointer = null;\\\\n\\\\n    tracer\\\\n        .set('list', list)\\\\n        .set('position', position)\\\\n        .set('pointer', pointer)\\\\n        .update();\\\\n\\\\n    position = 1;\\\\n\\\\n    \\\\n\\\\n    while (position < list.length) {\\\\n        let x = list[position];\\\\n\\\\n        pointer = position - 1;\\\\n        \\\\n\\\\n        while (pointer >= 0 && list[pointer] > x) {\\\\n            list[pointer + 1] = list[pointer];\\\\n            pointer--;\\\\n            tracer\\\\n                .set('list', list)\\\\n                .set('pointer', pointer)\\\\n                .update();\\\\n        }\\\\n\\\\n        list[pointer + 1] = x;\\\\n        \\\\n\\\\n        position++;\\\\n        \\\\n    }\\\\n\\\\n    return list;\\\\n}\\"]}"`;
